[www.pandimensionals.io/index.html]
[backblue.gif]
[fade.gif]
[index.html]
[www.pandimensionals.io/comments/feed/index.html]
[www.pandimensionals.io/feed/index.html]
[d3th0yrgxhrrkf.cloudfront.net/wp-content/plugins/dg-divi-carousel/styles/light-box-styles384d.css]
[d3th0yrgxhrrkf.cloudfront.net/wp-content/plugins/dg-divi-carousel/styles/swiper.min384d.css]
[d3th0yrgxhrrkf.cloudfront.net/wp-content/plugins/divi-tweaker/public/css/hover-min384d.css]
[d3th0yrgxhrrkf.cloudfront.net/wp-content/plugins/svg-support/css/svgs-attachment384d.css]
[d3th0yrgxhrrkf.cloudfront.net/wp-content/plugins/popups-for-divi/styles/front.min384d.css]
[d3th0yrgxhrrkf.cloudfront.net/wp-content/themes/Divi/includes/builder/styles/images/preloader384d.gif]
[www.pandimensionals.io/wp-content/themes/Divi/core/admin/fonts/modules/all/modules.eot]
[www.pandimensionals.io/wp-content/et-cache/2841/et-divi-dynamic-2841384d.css]
[d3th0yrgxhrrkf.cloudfront.net/wp-content/plugins/dg-divi-carousel/styles/style.min384d.css]
[d3th0yrgxhrrkf.cloudfront.net/wp-content/plugins/popups-for-divi/scripts/ie-compat.min384d.js]
[www.pandimensionals.io/wp-json/wp/v2/pages/2841.json]
[www.pandimensionals.io/wp-json/index.html]
[www.pandimensionals.io/xmlrpc0db0.php]
[www.pandimensionals.io/wp-json/oembed/1.0/embedcfe0.json]
[www.pandimensionals.io/wp-json/oembed/1.0/embede5a3]
[cdnjs.cloudflare.com/ajax/libs/font-awesome/6.0.0-beta3/css/all.min.css]
[d3th0yrgxhrrkf.cloudfront.net/wp-content/uploads/2022/02/cropped-logo512-4-32x32.png]
[d3th0yrgxhrrkf.cloudfront.net/wp-content/uploads/2022/02/cropped-logo512-4-192x192.png]
[d3th0yrgxhrrkf.cloudfront.net/wp-content/uploads/2022/02/cropped-logo512-4-180x180.png]
[www.pandimensionals.io/wp-content/et-cache/2841/et-core-unified-deferred-2841.min0836.css]
[www.pandimensionals.io/collections/index.html]
[www.pandimensionals.io/the-team/index.html]
[d3th0yrgxhrrkf.cloudfront.net/wp-content/uploads/2022/01/PJ-Cooper.png]
[www.pandimensionals.io/wiki/index.html]
[www.pandimensionals.io/join-presale/index9840.html]
[www.pandimensionals.io/in-the-press/index.html]
[www.pandimensionals.io/join-presale/index.html]
[d3th0yrgxhrrkf.cloudfront.net/wp-content/uploads/2022/03/pandimensionals.png]
[www.pandimensionals.io/trogs/index.html]
[www.pandimensionals.io/phanackapans/index.html]
[d3th0yrgxhrrkf.cloudfront.net/wp-content/uploads/2022/01/12.png]
[d3th0yrgxhrrkf.cloudfront.net/wp-content/uploads/2022/01/PJ-Cooper-hex.png]
[d3th0yrgxhrrkf.cloudfront.net/wp-content/uploads/2022/01/9.png]
[d3th0yrgxhrrkf.cloudfront.net/wp-content/uploads/2022/01/1.png]
[d3th0yrgxhrrkf.cloudfront.net/wp-content/uploads/2022/01/Dan-the-Dev-hex.png]
[d3th0yrgxhrrkf.cloudfront.net/wp-content/uploads/2022/01/10.png]
[d3th0yrgxhrrkf.cloudfront.net/wp-content/uploads/2022/01/2.png]
[d3th0yrgxhrrkf.cloudfront.net/wp-content/uploads/2022/01/5.png]
[d3th0yrgxhrrkf.cloudfront.net/wp-content/uploads/2022/01/11.png]
[d3th0yrgxhrrkf.cloudfront.net/wp-content/uploads/2022/01/Wiki-Hero-1.jpg]
[d3th0yrgxhrrkf.cloudfront.net/wp-content/uploads/2022/01/Ulysees-Funk-hex.png]
[www.pandimensionals.io/join-presale/indexea20.html]
[d3th0yrgxhrrkf.cloudfront.net/wp-content/uploads/2022/01/Darryl-hex.png]
[www.pandimensionals.io/collections.html]
[www.pandimensionals.io/press-and-media/index.html]
[www.pandimensionals.io/careers/index.html]
[www.pandimensionals.io/about-ptco/index.html]
[www.pandimensionals.io/privacy-policy/index.html]
[www.pandimensionals.io/terms-and-conditions/index.html]
[www.pandimensionals.io/lets-chat/index.html]
[d3th0yrgxhrrkf.cloudfront.net/wp-includes/js/mediaelement/mediaelementplayer-legacy.min384d.css]
[www.pandimensionals.io/faqs/index.html]
[www.pandimensionals.io/2022/01/index.html]
[www.pandimensionals.io/2021/12/index.html]
[d3th0yrgxhrrkf.cloudfront.net/wp-includes/js/mediaelement/wp-mediaelement.min384d.css]
[www.pandimensionals.io/category/legends/index.html]
[www.pandimensionals.io/category/literature/index.html]
[www.pandimensionals.io/category/artefacts/index.html]
[d3th0yrgxhrrkf.cloudfront.net/wp-includes/css/dist/block-library/style.min384d.css]
[www.pandimensionals.io/category/locations/index.html]
[www.pandimensionals.io/category/notable-figures/index.html]
[www.pandimensionals.io/category/races/index.html]
[d3th0yrgxhrrkf.cloudfront.net/wp-includes/js/jquery/jquery.min384d.js]
[www.pandimensionals.io/category/vehicles/index.html]
[www.pandimensionals.io/category/weapons/index.html]
[d3th0yrgxhrrkf.cloudfront.net/wp-content/plugins/dg-divi-carousel/scripts/swiper.min384d.js]
[d3th0yrgxhrrkf.cloudfront.net/wp-content/plugins/divi-tweaker/public/js/divi-button-hover-start384d.js]
[d3th0yrgxhrrkf.cloudfront.net/wp-content/plugins/popups-for-divi/scripts/front.min384d.js]
[d3th0yrgxhrrkf.cloudfront.net/wp-content/themes/Divi/js/scripts.min384d.js]
[d3th0yrgxhrrkf.cloudfront.net/wp-content/themes/Divi/includes/builder/feature/dynamic-assets/assets/js/jquery.fitvids384d.js]
[d3th0yrgxhrrkf.cloudfront.net/wp-includes/js/comment-reply.min384d.js]
[d3th0yrgxhrrkf.cloudfront.net/wp-content/themes/Divi/includes/builder/feature/dynamic-assets/assets/js/jquery.mobile384d.js]
[d3th0yrgxhrrkf.cloudfront.net/wp-content/themes/Divi/includes/builder/feature/dynamic-assets/assets/js/hashchange384d.js]
[d3th0yrgxhrrkf.cloudfront.net/wp-content/themes/Divi/includes/builder/feature/dynamic-assets/assets/js/magnific-popup384d.js]
[d3th0yrgxhrrkf.cloudfront.net/wp-content/themes/Divi/includes/builder/feature/dynamic-assets/assets/js/easypiechart384d.js]
[d3th0yrgxhrrkf.cloudfront.net/wp-content/themes/Divi/includes/builder/feature/dynamic-assets/assets/js/salvattore384d.js]
[d3th0yrgxhrrkf.cloudfront.net/wp-content/plugins/dg-divi-carousel/scripts/frontend-bundle.min384d.js]
[d3th0yrgxhrrkf.cloudfront.net/wp-content/themes/Divi/core/admin/js/common384d.js]
[d3th0yrgxhrrkf.cloudfront.net/wp-includes/js/mediaelement/mediaelement-and-player.min384d.js]
[d3th0yrgxhrrkf.cloudfront.net/wp-includes/js/mediaelement/mediaelement-migrate.min384d.js]
[d3th0yrgxhrrkf.cloudfront.net/wp-includes/js/mediaelement/wp-mediaelement.min384d.js]
[d3th0yrgxhrrkf.cloudfront.net/wp-content/themes/Divi/includes/builder/feature/dynamic-assets/assets/js/motion-effects384d.js]
[www.pandimensionals.io/index.html]
[www.pandimensionals.io/xmlrpc.php]
[d3th0yrgxhrrkf.cloudfront.net/wp-content/plugins/dg-divi-carousel/styles/light-box-styles384d.css]
[d3th0yrgxhrrkf.cloudfront.net/wp-content/plugins/dg-divi-carousel/styles/swiper.min384d.css]
[d3th0yrgxhrrkf.cloudfront.net/wp-content/plugins/divi-tweaker/public/css/hover-min384d.css]
[d3th0yrgxhrrkf.cloudfront.net/wp-content/plugins/svg-support/css/svgs-attachment384d.css]
[d3th0yrgxhrrkf.cloudfront.net/wp-content/themes/Divi/includes/builder/feature/dynamic-assets/assets/js/sticky-elements384d.js]
[d3th0yrgxhrrkf.cloudfront.net/wp-content/plugins/popups-for-divi/images/spin.gif]
[d3th0yrgxhrrkf.cloudfront.net/wp-content/plugins/popups-for-divi/styles/front.min384d.css]
[www.pandimensionals.io/wp-content/et-cache/2841/et-divi-dynamic-2841384d.css]
[d3th0yrgxhrrkf.cloudfront.net/wp-content/plugins/dg-divi-carousel/styles/style.min384d.css]
[cdnjs.cloudflare.com/ajax/libs/font-awesome/6.0.0-beta3/css/all.min.css]
[www.pandimensionals.io/wp-content/et-cache/2841/et-core-unified-deferred-2841.min0836.css]
[www.pandimensionals.io/wp-content/et-cache/1172/et-divi-dynamic-1172384d.css]
[www.pandimensionals.io/wp-json/wp/v2/pages/1172.json]
[www.pandimensionals.io/wp-json/oembed/1.0/embed8770.json]
[www.pandimensionals.io/wp-json/oembed/1.0/embedd46d]
[www.pandimensionals.io/wp-content/et-cache/1172/et-core-unified-deferred-1172.mincf26.css]
[d3th0yrgxhrrkf.cloudfront.net/wp-content/uploads/2022/01/Orbit.png]
[d3th0yrgxhrrkf.cloudfront.net/wp-content/uploads/2022/01/merry-dance.jpg]
[www.pandimensionals.io/pandimensionals/index.html]
[www.pandimensionals.io/the-void/index.html]
[d3th0yrgxhrrkf.cloudfront.net/wp-content/uploads/2021/11/void.jpg]
[d3th0yrgxhrrkf.cloudfront.net/wp-content/uploads/2021/11/shadow-machine.jpg]
[d3th0yrgxhrrkf.cloudfront.net/wp-content/uploads/2021/11/21-e1638005320301.png]
[d3th0yrgxhrrkf.cloudfront.net/wp-content/uploads/2021/12/16.jpg]
[d3th0yrgxhrrkf.cloudfront.net/wp-content/uploads/2021/11/9.png]
[d3th0yrgxhrrkf.cloudfront.net/wp-content/uploads/2021/11/12.png]
[www.pandimensionals.io/collections/index.html]
[www.pandimensionals.io/wp-content/et-cache/821/et-divi-dynamic-821384d.css]
[www.pandimensionals.io/wp-json/wp/v2/pages/821.json]
[www.pandimensionals.io/wp-json/oembed/1.0/embedf410.json]
[www.pandimensionals.io/wp-json/oembed/1.0/embed597c]
[www.pandimensionals.io/wp-content/et-cache/821/et-core-unified-deferred-821.minfdae.css]
[d3th0yrgxhrrkf.cloudfront.net/wp-content/uploads/2022/01/Danielle-Saunders-hex.png]
[d3th0yrgxhrrkf.cloudfront.net/wp-content/uploads/2022/01/Dan-Cholerton-hex.png]
[www.pandimensionals.io/the-team/index.html]
[www.pandimensionals.io/wp-content/et-cache/3042/et-divi-dynamic-3042-late384d.css]
[www.pandimensionals.io/wp-json/wp/v2/pages/3042.json]
[www.pandimensionals.io/wp-json/oembed/1.0/embed2996.json]
[www.pandimensionals.io/wp-json/oembed/1.0/embed03b4]
[www.pandimensionals.io/wp-content/et-cache/3042/et-core-unified-deferred-3042.min7e08.css]
[d3th0yrgxhrrkf.cloudfront.net/wp-content/uploads/2021/11/ContactSheet-001.png]
[d3th0yrgxhrrkf.cloudfront.net/wp-content/uploads/2022/03/press-wire.jpg]
[d3th0yrgxhrrkf.cloudfront.net/wp-content/uploads/2022/02/NFT-Buyers.jpg]
[d3th0yrgxhrrkf.cloudfront.net/wp-content/uploads/2022/01/wireduk-21012022.jpg]
[d3th0yrgxhrrkf.cloudfront.net/wp-content/uploads/2022/01/Screenshot-2022-01-23-at-19.55.14.png]
[www.pandimensionals.io/in-the-press/index.html]
[www.pandimensionals.io/wp-json/wp/v2/pages/3074.json]
[www.pandimensionals.io/wp-json/oembed/1.0/embedc0e0.json]
[www.pandimensionals.io/wp-json/oembed/1.0/embed3d88]
[www.pandimensionals.io/wp-content/et-cache/3074/et-core-unified-deferred-3074.minbd2a.css]
[d3th0yrgxhrrkf.cloudfront.net/wp-content/uploads/2022/01/Artefact-3.jpg]
[d3th0yrgxhrrkf.cloudfront.net/wp-content/uploads/2022/01/merry-Dance-Sq-2.jpg]
[d3th0yrgxhrrkf.cloudfront.net/wp-content/uploads/2022/01/Top-Secret-Literature-1.jpg]
[d3th0yrgxhrrkf.cloudfront.net/wp-content/uploads/2022/01/Map.jpg]
[d3th0yrgxhrrkf.cloudfront.net/wp-content/uploads/2022/01/Dreadnaught.jpg]
[d3th0yrgxhrrkf.cloudfront.net/wp-content/uploads/2022/01/Weapons-1.jpg]
[d3th0yrgxhrrkf.cloudfront.net/wp-content/uploads/2022/01/Rogues-Gallery.jpg]
[d3th0yrgxhrrkf.cloudfront.net/wp-content/uploads/2022/01/Hive-Eggs.jpg]
[www.pandimensionals.io/wiki/index.html]
[www.pandimensionals.io/wp-json/wp/v2/pages/3247.json]
[www.pandimensionals.io/wp-json/oembed/1.0/embed4f76.json]
[www.pandimensionals.io/wp-json/oembed/1.0/embedd45c]
[www.pandimensionals.io/wp-content/et-cache/3247/et-core-unified-deferred-3247.min3023.css]
[www.pandimensionals.io/join-presale/index9840.html]
[www.pandimensionals.io/join-presale/index.html]
[www.pandimensionals.io/wp-json/wp/v2/posts/2097.json]
[www.pandimensionals.io/trogs/feed/index.html]
[www.pandimensionals.io/wp-json/oembed/1.0/embed2019.json]
[www.pandimensionals.io/wp-json/oembed/1.0/embed7398]
[www.pandimensionals.io/wp-content/et-cache/2097/et-core-unified-deferred-2097.min0d6f.css]
[www.pandimensionals.io/trogs/index.html]
[www.pandimensionals.io/broadcliffs-town/index.html]
[www.pandimensionals.io/wp-json/wp/v2/posts/1934.json]
[www.pandimensionals.io/the-void-wiki/index.html]
[www.pandimensionals.io/void-ships/index.html]
[www.pandimensionals.io/phanackapans/feed/index.html]
[www.pandimensionals.io/wp-json/oembed/1.0/embedafc7.json]
[www.pandimensionals.io/genesis-pod/index.html]
[www.pandimensionals.io/wp-json/oembed/1.0/embed9896]
[d3th0yrgxhrrkf.cloudfront.net/wp-content/uploads/2021/12/189-300x300.jpg]
[www.pandimensionals.io/phanackapans/index.html]
[www.pandimensionals.io/join-presale/indexea20.html]
[www.pandimensionals.io/collections.html]
[www.pandimensionals.io/kalaxions/index.html]
[www.pandimensionals.io/phanackapan-hive-eggs/index.html]
[www.pandimensionals.io/wp-content/et-cache/919/et-divi-dynamic-919-late384d.css]
[www.pandimensionals.io/wp-json/wp/v2/pages/919.json]
[www.pandimensionals.io/wp-json/oembed/1.0/embede159.json]
[www.pandimensionals.io/wp-json/oembed/1.0/embedd53b]
[www.pandimensionals.io/wp-content/et-cache/919/et-core-unified-deferred-919.mina718.css]
[www.pandimensionals.io/cdn-cgi/l/email-protection.html]
[www.pandimensionals.io/press-and-media/index.html]
[www.pandimensionals.io/cdn-cgi/scripts/5c5dd728/cloudflare-static/email-decode.min.js]
[www.pandimensionals.io/wp-json/wp/v2/pages/853.json]
[www.pandimensionals.io/wp-json/oembed/1.0/embed6ad0.json]
[www.pandimensionals.io/wp-json/oembed/1.0/embed8ee9]
[www.pandimensionals.io/careers/index.html]
[www.pandimensionals.io/wp-json/wp/v2/pages/839.json]
[www.pandimensionals.io/wp-json/oembed/1.0/embedb245.json]
[www.pandimensionals.io/wp-json/oembed/1.0/embedab77]
[www.pandimensionals.io/about-ptco/index.html]
[www.pandimensionals.io/wp-content/et-cache/930/et-divi-dynamic-930384d.css]
[www.pandimensionals.io/wp-json/wp/v2/pages/930.json]
[www.pandimensionals.io/wp-json/oembed/1.0/embed855e.json]
[www.pandimensionals.io/wp-json/oembed/1.0/embed9224]
[www.pandimensionals.io/privacy-policy/index.html]
[www.pandimensionals.io/wp-content/et-cache/923/et-divi-dynamic-923-late384d.css]
[www.pandimensionals.io/wp-content/et-cache/923/et-divi-dynamic-923384d.css]
[www.pandimensionals.io/wp-json/wp/v2/pages/923.json]
[www.pandimensionals.io/wp-json/oembed/1.0/embeda417.json]
[www.pandimensionals.io/wp-json/oembed/1.0/embed4fc4]
[www.pandimensionals.io/wp-content/et-cache/923/et-core-unified-deferred-923.min7b8a.css]
[www.pandimensionals.io/terms-and-conditions/index.html]
[www.pandimensionals.io/wp-content/et-cache/936/et-divi-dynamic-936384d.css]
[www.pandimensionals.io/wp-json/wp/v2/pages/936.json]
[www.pandimensionals.io/wp-json/oembed/1.0/embed786e.json]
[www.pandimensionals.io/wp-json/oembed/1.0/embedaae5]
[www.pandimensionals.io/lets-chat/index.html]
[www.pandimensionals.io/wp-content/et-cache/1237/et-divi-dynamic-1237384d.css]
[www.pandimensionals.io/submit-idea/index.html]
[www.pandimensionals.io/wp-json/wp/v2/pages/1237.json]
[www.pandimensionals.io/wp-json/oembed/1.0/embed5301.json]
[www.pandimensionals.io/wp-json/oembed/1.0/embed9aa1]
[www.pandimensionals.io/wp-content/et-cache/1237/et-core-unified-deferred-1237.min032e.css]
[www.pandimensionals.io/faqs/index.html]
[www.pandimensionals.io/wp-content/et-cache/global/et-divi-customizer-global.min6ce0.css]
[www.pandimensionals.io/2022/01/index.html]
[www.pandimensionals.io/2021/12/index.html]
[www.pandimensionals.io/aougal-system/index.html]
[www.pandimensionals.io/amazon-arcade/index.html]
[www.pandimensionals.io/kalaxion-dreadnaught/index.html]
[www.pandimensionals.io/beggars-square/index.html]
[www.pandimensionals.io/wp-json/wp/v2/categories/48.json]
[www.pandimensionals.io/category/artefacts/index.html]
[www.pandimensionals.io/broadcliffs-coven/index.html]
[www.pandimensionals.io/broadcliffs-neighbourhood-watch/index.html]
[www.pandimensionals.io/cherryade-racket/index.html]
[www.pandimensionals.io/dead-dave/index.html]
[www.pandimensionals.io/committee-of-dubious-goals/index.html]
[www.pandimensionals.io/wp-json/wp/v2/categories/43.json]
[www.pandimensionals.io/dolls-with-mind-control-radio-chips/index.html]
[www.pandimensionals.io/fingus/index.html]
[www.pandimensionals.io/fourth-bureau/index.html]
[www.pandimensionals.io/granville-manor/index.html]
[www.pandimensionals.io/wp-content/et-cache/2169/et-core-unified-2169.mine145.css]
[www.pandimensionals.io/category/legends/index.html]
[www.pandimensionals.io/hooney-mcstroot/index.html]
[www.pandimensionals.io/monpot/index.html]
[www.pandimensionals.io/madame-morteau/index.html]
[www.pandimensionals.io/miss-pulasso/index.html]
[www.pandimensionals.io/mr-collins/index.html]
[www.pandimensionals.io/wp-json/wp/v2/categories/50.json]
[www.pandimensionals.io/category/literature/index.html]
[www.pandimensionals.io/pandimensional-warp-mechanics-in-a-stable-quantum-environment-for-beginners/index.html]
[www.pandimensionals.io/planet-phanack/index.html]
[www.pandimensionals.io/ogilvy/index.html]
[www.pandimensionals.io/reggie-pickles/index.html]
[www.pandimensionals.io/rose-town/index.html]
[www.pandimensionals.io/wp-json/wp/v2/categories/41.json]
[www.pandimensionals.io/saint-lukes/index.html]
[www.pandimensionals.io/shadow-machines/index.html]
[www.pandimensionals.io/spook-o-meter-zx1000tm/index.html]
[www.pandimensionals.io/wp-content/et-cache/2592/et-core-unified-2592.min4b63.css]
[www.pandimensionals.io/category/locations/index.html]
[www.pandimensionals.io/sylvia-jenkins/index.html]
[www.pandimensionals.io/broadcliffs-saga/index.html]
[www.pandimensionals.io/the-great-siege-of-the-event-horizon/index.html]
[www.pandimensionals.io/the-merry-dance-wiki/index.html]
[www.pandimensionals.io/the-merry-dance-strategic-asset-or-impenetrable-citadel/index.html]
[www.pandimensionals.io/wp-json/wp/v2/categories/40.json]
[www.pandimensionals.io/category/notable-figures/index.html]
[www.pandimensionals.io/the-toad-brothers-aka-adam-and-lee-toad/index.html]
[www.pandimensionals.io/the-professor/index.html]
[www.pandimensionals.io/the-vault/index.html]
[www.pandimensionals.io/turlos-mill/index.html]
[www.pandimensionals.io/wreckers-mount/index.html]
[www.pandimensionals.io/wp-json/wp/v2/categories/42.json]
[www.pandimensionals.io/andy-vanags/index.html]
[www.pandimensionals.io/broadcliffs-secondary-school/index.html]
[www.pandimensionals.io/ced/index.html]
[www.pandimensionals.io/eydie/index.html]
[www.pandimensionals.io/wp-content/et-cache/1938/et-core-unified-1938.min04b2.css]
[www.pandimensionals.io/category/races/index.html]
[www.pandimensionals.io/marlowe/index.html]
[www.pandimensionals.io/eliza-entwhistle/index.html]
[www.pandimensionals.io/mackafety/index.html]
[www.pandimensionals.io/moorebeach/index.html]
[www.pandimensionals.io/muggers-wharf/index.html]
[www.pandimensionals.io/wp-json/wp/v2/categories/51.json]
[www.pandimensionals.io/category/vehicles/index.html]
[www.pandimensionals.io/ratcatchers-guild/index.html]
[www.pandimensionals.io/suicide-slide-brook-lane/index.html]
[www.pandimensionals.io/simon-hardbutt/index.html]
[www.pandimensionals.io/suzy-jenkins/index.html]
[www.pandimensionals.io/the-graveyard/index.html]
[www.pandimensionals.io/wp-json/wp/v2/categories/44.json]
[www.pandimensionals.io/category/weapons/index.html]
[www.pandimensionals.io/the-pet-shop/index.html]
[www.pandimensionals.io/category/legends/feed/index.html]
[www.pandimensionals.io/tibbs/index.html]
[www.pandimensionals.io/category/artefacts/feed/index.html]
[www.pandimensionals.io/category/literature/feed/index.html]
[d3th0yrgxhrrkf.cloudfront.net/wp-includes/js/mediaelement/mejs-controls.svg]
[d3th0yrgxhrrkf.cloudfront.net/wp-includes/js/mediaelement/mediaelementplayer-legacy.min384d.css]
[www.pandimensionals.io/category/vehicles/feed/index.html]
[www.pandimensionals.io/category/weapons/feed/index.html]
[d3th0yrgxhrrkf.cloudfront.net/wp-includes/js/mediaelement/wp-mediaelement.min384d.css]
[d3th0yrgxhrrkf.cloudfront.net/wp-includes/css/dist/block-library/style.min384d.css]
[www.pandimensionals.io/wp-content/et-cache/1172/et-divi-dynamic-1172384d.css]
[www.pandimensionals.io/index74ef.html]
[www.pandimensionals.io/wp-content/et-cache/1172/et-core-unified-deferred-1172.mincf26.css]
[www.pandimensionals.io/category/locations/feed/index.html]
[www.pandimensionals.io/category/races/feed/index.html]
[www.pandimensionals.io/category/notable-figures/feed/index.html]
[www.pandimensionals.io/wp-content/et-cache/1195/et-divi-dynamic-1195384d.css]
[www.pandimensionals.io/wp-json/wp/v2/pages/1195.json]
[www.pandimensionals.io/wp-json/oembed/1.0/embed76a6.json]
[www.pandimensionals.io/wp-json/oembed/1.0/embed8f3e]
[www.pandimensionals.io/wp-content/et-cache/1195/et-core-unified-deferred-1195.min2ea4.css]
[d3th0yrgxhrrkf.cloudfront.net/wp-content/uploads/2021/11/8-e1638005397832.png]
[d3th0yrgxhrrkf.cloudfront.net/wp-content/uploads/2021/11/17-e1638005344780.png]
[d3th0yrgxhrrkf.cloudfront.net/wp-content/uploads/2021/11/2-e1638005432590.png]
[www.pandimensionals.io/pandimensionals/index.html]
[www.pandimensionals.io/wp-json/wp/v2/pages/832.json]
[www.pandimensionals.io/wp-json/oembed/1.0/embedfed8.json]
[www.pandimensionals.io/the-void/index.html]
[www.pandimensionals.io/wp-json/oembed/1.0/embed9910]
[www.pandimensionals.io/wp-content/et-cache/821/et-divi-dynamic-821384d.css]
[www.pandimensionals.io/index6d2c.html]
[www.pandimensionals.io/wp-content/et-cache/821/et-core-unified-deferred-821.minfdae.css]
[www.pandimensionals.io/wp-content/et-cache/3042/et-divi-dynamic-3042-late384d.css]
[www.pandimensionals.io/indexc94e.html]
[www.pandimensionals.io/wp-content/et-cache/3042/et-core-unified-deferred-3042.min7e08.css]
[www.pandimensionals.io/index7f28.html]
[www.pandimensionals.io/wp-content/et-cache/3074/et-core-unified-deferred-3074.minbd2a.css]
[www.pandimensionals.io/index4080.html]
[www.pandimensionals.io/wp-content/et-cache/3247/et-core-unified-deferred-3247.min3023.css]
[www.pandimensionals.io/index149e.html]
[www.pandimensionals.io/wp-content/et-cache/2097/et-core-unified-deferred-2097.min0d6f.css]
[www.pandimensionals.io/wp-json/wp/v2/posts/2054.json]
[www.pandimensionals.io/the-void-wiki/feed/index.html]
[www.pandimensionals.io/wp-json/oembed/1.0/embed267b.json]
[www.pandimensionals.io/wp-json/oembed/1.0/embed1295]
[www.pandimensionals.io/wp-content/et-cache/2054/et-core-unified-deferred-2054.min6775.css]
[www.pandimensionals.io/the-void-wiki/index.html]
[www.pandimensionals.io/wp-json/wp/v2/posts/2564.json]
[www.pandimensionals.io/void-ships/feed/index.html]
[www.pandimensionals.io/wp-json/oembed/1.0/embed3853.json]
[www.pandimensionals.io/void-ships/index.html]
[www.pandimensionals.io/wp-json/oembed/1.0/embed3b8e]
[www.pandimensionals.io/wp-json/wp/v2/posts/1879.json]
[www.pandimensionals.io/wp-json/oembed/1.0/embed7ece.json]
[www.pandimensionals.io/broadcliffs-town/index.html]
[www.pandimensionals.io/wp-json/oembed/1.0/embed3649]
[www.pandimensionals.io/wp-json/wp/v2/posts/2574.json]
[www.pandimensionals.io/genesis-pod/feed/index.html]
[www.pandimensionals.io/wp-json/oembed/1.0/embedf014.json]
[www.pandimensionals.io/wp-json/oembed/1.0/embed0119]
[www.pandimensionals.io/genesis-pod/index.html]
[www.pandimensionals.io/indexd8b3.html]
[www.pandimensionals.io/wp-json/wp/v2/posts/2091.json]
[www.pandimensionals.io/phanackapan-hive-eggs/feed/index.html]
[www.pandimensionals.io/wp-json/oembed/1.0/embedcc87.json]
[www.pandimensionals.io/wp-json/oembed/1.0/embed0355]
[d3th0yrgxhrrkf.cloudfront.net/wp-content/uploads/2022/01/Hive-Eggs-300x300.jpg]
[www.pandimensionals.io/phanackapan-hive-eggs/index.html]
[www.pandimensionals.io/wp-json/wp/v2/posts/1938.json]
[www.pandimensionals.io/kalaxions/feed/index.html]
[www.pandimensionals.io/wp-json/oembed/1.0/embedfb03.json]
[www.pandimensionals.io/wp-json/oembed/1.0/embed37ab]
[www.pandimensionals.io/wp-content/et-cache/1938/et-core-unified-deferred-1938.min04b2.css]
[www.pandimensionals.io/kalaxions/index.html]
[www.pandimensionals.io/wp-content/et-cache/919/et-divi-dynamic-919-late384d.css]
[www.pandimensionals.io/index6f5e.html]
[www.pandimensionals.io/wp-content/et-cache/919/et-core-unified-deferred-919.mina718.css]
[www.pandimensionals.io/cdn-cgi/l/email-protection.html]
[www.pandimensionals.io/index9fe1.html]
[www.pandimensionals.io/indexce54.html]
[www.pandimensionals.io/wp-content/et-cache/930/et-divi-dynamic-930384d.css]
[www.pandimensionals.io/index3177.html]
[www.pandimensionals.io/wp-content/et-cache/923/et-divi-dynamic-923-late384d.css]
[www.pandimensionals.io/wp-content/et-cache/923/et-divi-dynamic-923384d.css]
[www.pandimensionals.io/index0edf.html]
[www.pandimensionals.io/wp-content/et-cache/923/et-core-unified-deferred-923.min7b8a.css]
[www.pandimensionals.io/wp-content/et-cache/936/et-divi-dynamic-936384d.css]
[www.pandimensionals.io/indexb648.html]
[www.pandimensionals.io/wp-json/wp/v2/pages/901.json]
[www.pandimensionals.io/wp-json/oembed/1.0/embed02ca.json]
[www.pandimensionals.io/wp-json/oembed/1.0/embed8dfa]
[www.pandimensionals.io/submit-idea/index.html]
[www.pandimensionals.io/wp-content/et-cache/1237/et-divi-dynamic-1237384d.css]
[www.pandimensionals.io/indexdc2c.html]
[www.pandimensionals.io/wp-content/et-cache/1237/et-core-unified-deferred-1237.min032e.css]
[www.pandimensionals.io/wp-content/et-cache/global/et-divi-customizer-global.min6ce0.css]
[www.pandimensionals.io/wp-json/wp/v2/posts/3126.json]
[www.pandimensionals.io/kalaxion-dreadnaught/feed/index.html]
[www.pandimensionals.io/wp-json/oembed/1.0/embedc991.json]
[www.pandimensionals.io/wp-json/oembed/1.0/embedaba3]
[www.pandimensionals.io/kalaxion-dreadnaught/index.html]
[www.pandimensionals.io/wp-json/wp/v2/posts/2592.json]
[www.pandimensionals.io/amazon-arcade/feed/index.html]
[www.pandimensionals.io/wp-json/oembed/1.0/embedb1aa.json]
[www.pandimensionals.io/wp-json/oembed/1.0/embed8a85]
[www.pandimensionals.io/wp-content/et-cache/2592/et-core-unified-deferred-2592.min4b63.css]
[www.pandimensionals.io/amazon-arcade/index.html]
[www.pandimensionals.io/wp-json/wp/v2/posts/2526.json]
[www.pandimensionals.io/aougal-system/feed/index.html]
[www.pandimensionals.io/wp-json/oembed/1.0/embed8d57.json]
[www.pandimensionals.io/wp-json/oembed/1.0/embed2f09]
[www.pandimensionals.io/wp-content/et-cache/2526/et-core-unified-deferred-2526.mine4b4.css]
[www.pandimensionals.io/aougal-system/index.html]
[www.pandimensionals.io/wp-json/wp/v2/posts/2169.json]
[www.pandimensionals.io/beggars-square/feed/index.html]
[www.pandimensionals.io/wp-json/oembed/1.0/embed955f.json]
[www.pandimensionals.io/wp-json/oembed/1.0/embedddb2]
[www.pandimensionals.io/wp-content/et-cache/2169/et-core-unified-deferred-2169.mine145.css]
[www.pandimensionals.io/beggars-square/index.html]
[www.pandimensionals.io/broadcliffs-coven/feed/index.html]
[www.pandimensionals.io/wp-json/wp/v2/posts/2701.json]
[www.pandimensionals.io/wp-json/oembed/1.0/embed614a.json]
[www.pandimensionals.io/wp-json/oembed/1.0/embedade3]
[www.pandimensionals.io/broadcliffs-coven/index.html]
[www.pandimensionals.io/wp-json/wp/v2/posts/2184.json]
[www.pandimensionals.io/broadcliffs-neighbourhood-watch/feed/index.html]
[www.pandimensionals.io/wp-json/oembed/1.0/embedb280.json]
[www.pandimensionals.io/wp-json/oembed/1.0/embed1380]
[www.pandimensionals.io/broadcliffs-neighbourhood-watch/index.html]
[www.pandimensionals.io/wp-json/wp/v2/posts/2103.json]
[www.pandimensionals.io/cherryade-racket/feed/index.html]
[www.pandimensionals.io/wp-json/oembed/1.0/embed35ea.json]
[www.pandimensionals.io/wp-json/oembed/1.0/embed0d65]
[www.pandimensionals.io/cherryade-racket/index.html]
[www.pandimensionals.io/wp-json/wp/v2/posts/2706.json]
[www.pandimensionals.io/committee-of-dubious-goals/feed/index.html]
[www.pandimensionals.io/wp-json/oembed/1.0/embed8dc3.json]
[www.pandimensionals.io/wp-json/oembed/1.0/embed6787]
[www.pandimensionals.io/committee-of-dubious-goals/index.html]
[www.pandimensionals.io/wp-json/wp/v2/posts/2079.json]
[www.pandimensionals.io/dead-dave/feed/index.html]
[www.pandimensionals.io/wp-json/oembed/1.0/embed7bcf.json]
[www.pandimensionals.io/wp-json/oembed/1.0/embede219]
[www.pandimensionals.io/wp-content/et-cache/2079/et-core-unified-deferred-2079.min6cde.css]
[www.pandimensionals.io/dead-dave/index.html]
[www.pandimensionals.io/wp-json/wp/v2/posts/2600.json]
[www.pandimensionals.io/dolls-with-mind-control-radio-chips/feed/index.html]
[www.pandimensionals.io/wp-json/oembed/1.0/embedf1fb.json]
[www.pandimensionals.io/wp-json/oembed/1.0/embedab95]
[www.pandimensionals.io/wp-content/et-cache/2600/et-core-unified-deferred-2600.minaf50.css]
[www.pandimensionals.io/dolls-with-mind-control-radio-chips/index.html]
[www.pandimensionals.io/wp-json/wp/v2/posts/2672.json]
[www.pandimensionals.io/fingus/feed/index.html]
[www.pandimensionals.io/wp-json/oembed/1.0/embed69f7.json]
[www.pandimensionals.io/wp-json/oembed/1.0/embedb0a1]
[www.pandimensionals.io/fingus/index.html]
[www.pandimensionals.io/wp-json/wp/v2/posts/2651.json]
[www.pandimensionals.io/wp-json/oembed/1.0/embed7289.json]
[www.pandimensionals.io/fourth-bureau/feed/index.html]
[www.pandimensionals.io/wp-json/oembed/1.0/embed9c4c]
[www.pandimensionals.io/fourth-bureau/index.html]
[www.pandimensionals.io/wp-json/wp/v2/posts/2611.json]
[www.pandimensionals.io/granville-manor/feed/index.html]
[www.pandimensionals.io/wp-json/oembed/1.0/embede936.json]
[www.pandimensionals.io/wp-json/oembed/1.0/embedc45d]
[www.pandimensionals.io/granville-manor/index.html]
[www.pandimensionals.io/wp-json/wp/v2/posts/2121.json]
[www.pandimensionals.io/hooney-mcstroot/feed/index.html]
[www.pandimensionals.io/wp-json/oembed/1.0/embeda892.json]
[www.pandimensionals.io/wp-json/oembed/1.0/embed59c1]
[www.pandimensionals.io/hooney-mcstroot/index.html]
[www.pandimensionals.io/wp-json/wp/v2/posts/2084.json]
[www.pandimensionals.io/madame-morteau/feed/index.html]
[www.pandimensionals.io/wp-json/oembed/1.0/embed8595.json]
[www.pandimensionals.io/wp-json/oembed/1.0/embed8a55]
[www.pandimensionals.io/madame-morteau/index.html]
[www.pandimensionals.io/wp-json/wp/v2/posts/2618.json]
[www.pandimensionals.io/miss-pulasso/feed/index.html]
[www.pandimensionals.io/wp-json/oembed/1.0/embed49a3.json]
[www.pandimensionals.io/wp-json/oembed/1.0/embed4ad6]
[www.pandimensionals.io/miss-pulasso/index.html]
[www.pandimensionals.io/wp-json/wp/v2/posts/2135.json]
[www.pandimensionals.io/monpot/feed/index.html]
[www.pandimensionals.io/wp-json/oembed/1.0/embedac8b.json]
[www.pandimensionals.io/wp-json/oembed/1.0/embedd060]
[www.pandimensionals.io/monpot/index.html]
[www.pandimensionals.io/wp-json/wp/v2/posts/2647.json]
[www.pandimensionals.io/mr-collins/feed/index.html]
[www.pandimensionals.io/wp-json/oembed/1.0/embedca33.json]
[www.pandimensionals.io/wp-json/oembed/1.0/embeda176]
[www.pandimensionals.io/mr-collins/index.html]
[www.pandimensionals.io/wp-json/wp/v2/posts/2128.json]
[www.pandimensionals.io/ogilvy/feed/index.html]
[www.pandimensionals.io/wp-json/oembed/1.0/embedcf2b.json]
[www.pandimensionals.io/wp-json/oembed/1.0/embed7138]
[www.pandimensionals.io/ogilvy/index.html]
[www.pandimensionals.io/wp-json/wp/v2/posts/2175.json]
[www.pandimensionals.io/pandimensional-warp-mechanics-in-a-stable-quantum-environment-for-beginners/feed/index.html]
[www.pandimensionals.io/wp-json/oembed/1.0/embeda4dd.json]
[www.pandimensionals.io/wp-json/oembed/1.0/embed9e9c]
[www.pandimensionals.io/pandimensional-warp-mechanics-in-a-stable-quantum-environment-for-beginners/index.html]
[www.pandimensionals.io/wp-json/wp/v2/posts/2531.json]
[www.pandimensionals.io/planet-phanack/feed/index.html]
[www.pandimensionals.io/wp-json/oembed/1.0/embed111d.json]
[www.pandimensionals.io/wp-json/oembed/1.0/embed88d0]
[www.pandimensionals.io/wp-content/et-cache/2531/et-core-unified-deferred-2531.min2bb1.css]
[www.pandimensionals.io/planet-phanack/index.html]
[www.pandimensionals.io/wp-json/wp/v2/posts/2657.json]
[www.pandimensionals.io/reggie-pickles/feed/index.html]
[www.pandimensionals.io/wp-json/oembed/1.0/embed1000.json]
[www.pandimensionals.io/wp-json/oembed/1.0/embedfdd4]
[www.pandimensionals.io/reggie-pickles/index.html]
[www.pandimensionals.io/wp-json/wp/v2/posts/2114.json]
[www.pandimensionals.io/rose-town/feed/index.html]
[www.pandimensionals.io/wp-json/oembed/1.0/embed7333.json]
[www.pandimensionals.io/wp-json/oembed/1.0/embedb1db]
[www.pandimensionals.io/rose-town/index.html]
[www.pandimensionals.io/wp-json/wp/v2/posts/2606.json]
[www.pandimensionals.io/saint-lukes/feed/index.html]
[www.pandimensionals.io/wp-json/oembed/1.0/embedfe14.json]
[www.pandimensionals.io/wp-json/oembed/1.0/embed44c4]
[www.pandimensionals.io/saint-lukes/index.html]
[www.pandimensionals.io/wp-json/wp/v2/posts/2570.json]
[www.pandimensionals.io/shadow-machines/feed/index.html]
[www.pandimensionals.io/wp-json/oembed/1.0/embed4566.json]
[www.pandimensionals.io/wp-json/oembed/1.0/embed50a6]
[www.pandimensionals.io/wp-content/et-cache/2570/et-core-unified-deferred-2570.min0b3d.css]
[www.pandimensionals.io/shadow-machines/index.html]
[www.pandimensionals.io/wp-json/wp/v2/posts/2148.json]
[www.pandimensionals.io/spook-o-meter-zx1000tm/feed/index.html]
[www.pandimensionals.io/wp-json/oembed/1.0/embedfa72.json]
[www.pandimensionals.io/wp-json/oembed/1.0/embed9f25]
[www.pandimensionals.io/spook-o-meter-zx1000tm/index.html]
[www.pandimensionals.io/wp-json/wp/v2/posts/2694.json]
[www.pandimensionals.io/sylvia-jenkins/feed/index.html]
[www.pandimensionals.io/wp-json/oembed/1.0/embed825e.json]
[www.pandimensionals.io/wp-json/oembed/1.0/embedd5cc]
[www.pandimensionals.io/wp-content/et-cache/2694/et-core-unified-deferred-2694.min7c09.css]
[www.pandimensionals.io/sylvia-jenkins/index.html]
[www.pandimensionals.io/wp-json/wp/v2/posts/2472.json]
[www.pandimensionals.io/broadcliffs-saga/feed/index.html]
[www.pandimensionals.io/wp-json/oembed/1.0/embeda53f.json]
[www.pandimensionals.io/wp-json/oembed/1.0/embed9f6d]
[www.pandimensionals.io/broadcliffs-saga/index.html]
[www.pandimensionals.io/wp-json/wp/v2/posts/2402.json]
[www.pandimensionals.io/the-great-siege-of-the-event-horizon/feed/index.html]
[www.pandimensionals.io/wp-json/oembed/1.0/embed04cd.json]
[www.pandimensionals.io/wp-json/oembed/1.0/embedb21c]
[www.pandimensionals.io/wp-content/et-cache/2402/et-core-unified-deferred-2402.min8f49.css]
[www.pandimensionals.io/the-great-siege-of-the-event-horizon/index.html]
[www.pandimensionals.io/wp-json/wp/v2/posts/2161.json]
[www.pandimensionals.io/the-merry-dance-wiki/feed/index.html]
[www.pandimensionals.io/wp-json/oembed/1.0/embed5c05.json]
[www.pandimensionals.io/wp-json/oembed/1.0/embed9fbd]
[d3th0yrgxhrrkf.cloudfront.net/wp-content/uploads/2022/01/merry-Dance-Sq-300x300.jpg]
[www.pandimensionals.io/the-merry-dance-wiki/index.html]
[www.pandimensionals.io/wp-json/wp/v2/posts/2180.json]
[www.pandimensionals.io/the-merry-dance-strategic-asset-or-impenetrable-citadel/feed/index.html]
[www.pandimensionals.io/wp-json/oembed/1.0/embeda29a.json]
[www.pandimensionals.io/wp-json/oembed/1.0/embeda2d6]
[www.pandimensionals.io/wp-content/et-cache/2180/et-core-unified-deferred-2180.mine490.css]
[www.pandimensionals.io/the-merry-dance-strategic-asset-or-impenetrable-citadel/index.html]
[www.pandimensionals.io/wp-json/wp/v2/posts/2661.json]
[www.pandimensionals.io/wp-json/oembed/1.0/embed3da0.json]
[www.pandimensionals.io/the-professor/feed/index.html]
[www.pandimensionals.io/wp-json/oembed/1.0/embede27f]
[www.pandimensionals.io/wp-content/et-cache/2661/et-core-unified-deferred-2661.min0c87.css]
[www.pandimensionals.io/the-professor/index.html]
[www.pandimensionals.io/wp-json/wp/v2/posts/2156.json]
[www.pandimensionals.io/the-toad-brothers-aka-adam-and-lee-toad/feed/index.html]
[www.pandimensionals.io/wp-json/oembed/1.0/embedf557.json]
[www.pandimensionals.io/wp-json/oembed/1.0/embede27c]
[www.pandimensionals.io/wp-content/et-cache/2156/et-core-unified-deferred-2156.min721b.css]
[www.pandimensionals.io/the-toad-brothers-aka-adam-and-lee-toad/index.html]
[www.pandimensionals.io/wp-json/wp/v2/posts/2151.json]
[www.pandimensionals.io/the-vault/feed/index.html]
[www.pandimensionals.io/wp-json/oembed/1.0/embed6f25.json]
[www.pandimensionals.io/wp-json/oembed/1.0/embed10f4]
[www.pandimensionals.io/the-vault/index.html]
[www.pandimensionals.io/wp-json/wp/v2/posts/2666.json]
[www.pandimensionals.io/turlos-mill/feed/index.html]
[www.pandimensionals.io/wp-json/oembed/1.0/embedb5c5.json]
[www.pandimensionals.io/wp-json/oembed/1.0/embedc073]
[www.pandimensionals.io/turlos-mill/index.html]
[www.pandimensionals.io/wp-json/wp/v2/posts/2141.json]
[www.pandimensionals.io/wreckers-mount/feed/index.html]
[www.pandimensionals.io/wp-json/oembed/1.0/embeda865.json]
[www.pandimensionals.io/wp-json/oembed/1.0/embeda146]
[www.pandimensionals.io/wreckers-mount/index.html]
[www.pandimensionals.io/wp-json/wp/v2/posts/1998.json]
[www.pandimensionals.io/andy-vanags/feed/index.html]
[www.pandimensionals.io/wp-json/oembed/1.0/embed1b2b.json]
[www.pandimensionals.io/wp-json/oembed/1.0/embed6c8c]
[www.pandimensionals.io/andy-vanags/index.html]
[www.pandimensionals.io/wp-json/wp/v2/posts/1984.json]
[www.pandimensionals.io/broadcliffs-secondary-school/feed/index.html]
[www.pandimensionals.io/wp-json/oembed/1.0/embedc9a4.json]
[www.pandimensionals.io/wp-json/oembed/1.0/embed1dd5]
[www.pandimensionals.io/broadcliffs-secondary-school/index.html]
[www.pandimensionals.io/wp-json/wp/v2/posts/2007.json]
[www.pandimensionals.io/ced/feed/index.html]
[www.pandimensionals.io/wp-json/oembed/1.0/embed2288.json]
[www.pandimensionals.io/wp-json/oembed/1.0/embed0c3b]
[www.pandimensionals.io/ced/index.html]
[www.pandimensionals.io/wp-json/wp/v2/posts/1929.json]
[www.pandimensionals.io/eydie/feed/index.html]
[www.pandimensionals.io/wp-json/oembed/1.0/embeddf70.json]
[www.pandimensionals.io/wp-json/oembed/1.0/embed2a41]
[www.pandimensionals.io/eydie/index.html]
[www.pandimensionals.io/wp-json/wp/v2/posts/1964.json]
[www.pandimensionals.io/eliza-entwhistle/feed/index.html]
[www.pandimensionals.io/wp-json/oembed/1.0/embed78df.json]
[www.pandimensionals.io/wp-json/oembed/1.0/embed860d]
[www.pandimensionals.io/wp-content/et-cache/1964/et-core-unified-deferred-1964.min174f.css]
[www.pandimensionals.io/eliza-entwhistle/index.html]
[www.pandimensionals.io/wp-json/wp/v2/posts/1974.json]
[www.pandimensionals.io/mackafety/feed/index.html]
[www.pandimensionals.io/wp-json/oembed/1.0/embed28ee.json]
[www.pandimensionals.io/wp-json/oembed/1.0/embed3ca7]
[www.pandimensionals.io/mackafety/index.html]
[www.pandimensionals.io/wp-json/wp/v2/posts/1950.json]
[www.pandimensionals.io/marlowe/feed/index.html]
[www.pandimensionals.io/wp-json/oembed/1.0/embed96f8.json]
[www.pandimensionals.io/wp-json/oembed/1.0/embed9d01]
[www.pandimensionals.io/marlowe/index.html]
[www.pandimensionals.io/wp-json/wp/v2/posts/1979.json]
[www.pandimensionals.io/moorebeach/feed/index.html]
[www.pandimensionals.io/wp-json/oembed/1.0/embed493a.json]
[www.pandimensionals.io/wp-json/oembed/1.0/embed1f0c]
[www.pandimensionals.io/moorebeach/index.html]
[www.pandimensionals.io/wp-json/wp/v2/posts/1989.json]
[www.pandimensionals.io/muggers-wharf/feed/index.html]
[www.pandimensionals.io/wp-json/oembed/1.0/embed3adf.json]
[www.pandimensionals.io/wp-json/oembed/1.0/embedf258]
[www.pandimensionals.io/wp-content/et-cache/1989/et-core-unified-deferred-1989.mind3bc.css]
[www.pandimensionals.io/muggers-wharf/index.html]
[www.pandimensionals.io/wp-json/wp/v2/posts/1923.json]
[www.pandimensionals.io/ratcatchers-guild/feed/index.html]
[www.pandimensionals.io/wp-json/oembed/1.0/embed2b64.json]
[www.pandimensionals.io/wp-json/oembed/1.0/embed062b]
[www.pandimensionals.io/ratcatchers-guild/index.html]
[www.pandimensionals.io/wp-json/wp/v2/posts/2003.json]
[www.pandimensionals.io/simon-hardbutt/feed/index.html]
[www.pandimensionals.io/wp-json/oembed/1.0/embed6478.json]
[www.pandimensionals.io/wp-json/oembed/1.0/embeda0b5]
[www.pandimensionals.io/wp-content/et-cache/2003/et-core-unified-deferred-2003.minfc79.css]
[www.pandimensionals.io/simon-hardbutt/index.html]
[www.pandimensionals.io/wp-json/wp/v2/posts/1969.json]
[www.pandimensionals.io/suicide-slide-brook-lane/feed/index.html]
[www.pandimensionals.io/wp-json/oembed/1.0/embedc565.json]
[www.pandimensionals.io/wp-json/oembed/1.0/embed1f0c-2]
[www.pandimensionals.io/suicide-slide-brook-lane/index.html]
[www.pandimensionals.io/wp-json/wp/v2/posts/1993.json]
[www.pandimensionals.io/suzy-jenkins/feed/index.html]
[www.pandimensionals.io/wp-json/oembed/1.0/embed5377.json]
[www.pandimensionals.io/wp-json/oembed/1.0/embed5fa0]
[www.pandimensionals.io/suzy-jenkins/index.html]
[www.pandimensionals.io/wp-json/wp/v2/posts/1955.json]
[www.pandimensionals.io/the-graveyard/feed/index.html]
[www.pandimensionals.io/gavin-holden/index.html]
[www.pandimensionals.io/wp-json/oembed/1.0/embed90b9.json]
[www.pandimensionals.io/wp-json/oembed/1.0/embed58d6]
[www.pandimensionals.io/the-graveyard/index.html]
[www.pandimensionals.io/wp-json/wp/v2/posts/1959.json]
[www.pandimensionals.io/the-pet-shop/feed/index.html]
[www.pandimensionals.io/wp-json/oembed/1.0/embed9418.json]
[www.pandimensionals.io/wp-json/oembed/1.0/embed99a9]
[www.pandimensionals.io/the-pet-shop/index.html]
[www.pandimensionals.io/wp-json/wp/v2/posts/1946.json]
[www.pandimensionals.io/tibbs/feed/index.html]
[www.pandimensionals.io/wp-json/oembed/1.0/embedf039.json]
[www.pandimensionals.io/wp-json/oembed/1.0/embed2c75]
[www.pandimensionals.io/wp-content/et-cache/1946/et-core-unified-deferred-1946.mine8b1.css]
[www.pandimensionals.io/tibbs/index.html]
[www.pandimensionals.io/wp-content/et-cache/2169/et-core-unified-2169.mine145.css]
[www.pandimensionals.io/wp-content/et-cache/2592/et-core-unified-2592.min4b63.css]
[www.pandimensionals.io/wp-content/et-cache/1938/et-core-unified-1938.min04b2.css]
[d3th0yrgxhrrkf.cloudfront.net/wp-includes/js/mediaelement/mejs-controls.svg]
[www.pandimensionals.io/wp-content/et-cache/1195/et-divi-dynamic-1195384d.css]
[www.pandimensionals.io/index3fa3.html]
[www.pandimensionals.io/wp-content/uploads/2021/12/Twinkle-Star-0.8s-2560px-2.svg]
[www.pandimensionals.io/wp-content/et-cache/1195/et-core-unified-deferred-1195.min2ea4.css]
[www.pandimensionals.io/index59f6.html]
[www.pandimensionals.io/index11a9.html]
[www.pandimensionals.io/wp-content/et-cache/2054/et-core-unified-deferred-2054.min6775.css]
[www.pandimensionals.io/indexb0e3.html]
[www.pandimensionals.io/index43ce.html]
[www.pandimensionals.io/index5663.html]
[www.pandimensionals.io/indexa808.html]
[www.pandimensionals.io/indexd22e.html]
[www.pandimensionals.io/wp-content/et-cache/1938/et-core-unified-deferred-1938.min04b2.css]
[www.pandimensionals.io/indexead7.html]
[www.pandimensionals.io/index7ae2.html]
[www.pandimensionals.io/indexe1f1.html]
[www.pandimensionals.io/wp-content/et-cache/2592/et-core-unified-deferred-2592.min4b63.css]
[www.pandimensionals.io/index0894.html]
[www.pandimensionals.io/wp-content/et-cache/2526/et-core-unified-deferred-2526.mine4b4.css]
[www.pandimensionals.io/index924f.html]
[www.pandimensionals.io/wp-content/et-cache/2169/et-core-unified-deferred-2169.mine145.css]
[www.pandimensionals.io/index8c86.html]
[www.pandimensionals.io/indexcc85.html]
[www.pandimensionals.io/broadcliffs-neighbourhood-watch/broadcliffs-town/index.html]
[www.pandimensionals.io/indexa1f1.html]
[www.pandimensionals.io/index5705.html]
[www.pandimensionals.io/broadcliffs/index.html]
[www.pandimensionals.io/index4af2.html]
[www.pandimensionals.io/wp-content/et-cache/2079/et-core-unified-deferred-2079.min6cde.css]
[www.pandimensionals.io/indexb622.html]
[www.pandimensionals.io/wp-content/et-cache/2600/et-core-unified-deferred-2600.minaf50.css]
[www.pandimensionals.io/index02c7.html]
[www.pandimensionals.io/index689b.html]
[www.pandimensionals.io/indexce0b.html]
[www.pandimensionals.io/index5a2e.html]
[www.pandimensionals.io/index30cd.html]
[www.pandimensionals.io/indexaec8.html]
[www.pandimensionals.io/indexbb9e.html]
[www.pandimensionals.io/index39b6.html]
[www.pandimensionals.io/index1dc9.html]
[www.pandimensionals.io/indexb15f.html]
[www.pandimensionals.io/index30a1.html]
[www.pandimensionals.io/wp-content/et-cache/2531/et-core-unified-deferred-2531.min2bb1.css]
[www.pandimensionals.io/indexb2a0.html]
[www.pandimensionals.io/index4faf.html]
[www.pandimensionals.io/index39c7.html]
[www.pandimensionals.io/index151a.html]
[www.pandimensionals.io/wp-content/et-cache/2570/et-core-unified-deferred-2570.min0b3d.css]
[www.pandimensionals.io/index0704.html]
[www.pandimensionals.io/indexbbfa.html]
[www.pandimensionals.io/wp-content/et-cache/2694/et-core-unified-deferred-2694.min7c09.css]
[www.pandimensionals.io/index65ff.html]
[www.pandimensionals.io/index0273.html]
[www.pandimensionals.io/wp-content/et-cache/2402/et-core-unified-deferred-2402.min8f49.css]
[www.pandimensionals.io/index83ee.html]
[www.pandimensionals.io/index8175.html]
[www.pandimensionals.io/wp-content/et-cache/2180/et-core-unified-deferred-2180.mine490.css]
[www.pandimensionals.io/indexc5af.html]
[www.pandimensionals.io/wp-content/et-cache/2661/et-core-unified-deferred-2661.min0c87.css]
[www.pandimensionals.io/indexc91a.html]
[www.pandimensionals.io/wp-content/et-cache/2156/et-core-unified-deferred-2156.min721b.css]
[www.pandimensionals.io/indexc757.html]
[www.pandimensionals.io/index9ad9.html]
[www.pandimensionals.io/index688e.html]
[www.pandimensionals.io/indexb582.html]
[www.pandimensionals.io/indexe790.html]
[www.pandimensionals.io/index30ee.html]
[www.pandimensionals.io/indexffcc.html]
[www.pandimensionals.io/indexf4cb.html]
[www.pandimensionals.io/wp-content/et-cache/1964/et-core-unified-deferred-1964.min174f.css]
[www.pandimensionals.io/index5865.html]
[www.pandimensionals.io/indexd2df.html]
[www.pandimensionals.io/index1e78.html]
[www.pandimensionals.io/index8f5d.html]
[www.pandimensionals.io/wp-content/et-cache/1989/et-core-unified-deferred-1989.mind3bc.css]
[www.pandimensionals.io/indexbfe5.html]
[www.pandimensionals.io/index0fad.html]
[www.pandimensionals.io/wp-content/et-cache/2003/et-core-unified-deferred-2003.minfc79.css]
[www.pandimensionals.io/index2a8c.html]
[www.pandimensionals.io/index5b92.html]
[www.pandimensionals.io/gavin-holden/index.html]
[www.pandimensionals.io/index033a.html]
[www.pandimensionals.io/indexbe1b.html]
[www.pandimensionals.io/index6086.html]
[www.pandimensionals.io/wp-content/et-cache/1946/et-core-unified-deferred-1946.mine8b1.css]
[www.pandimensionals.io/wp-content/uploads/2021/12/Twinkle-Star-0.8s-2560px-2.html]
